<html>
<body>
<pre>
<h1>µVision Build Log</h1>
<h2>Tool Versions:</h2>
IDE-Version: ¦ÌVision V5.32.0.0
Copyright (C) 2020 ARM Ltd and ARM Germany GmbH. All rights reserved.
License Information: NIU MINGZI, SOCIAL, LIC=32B1Q-NKLBE-8TB3P-MZ58F-IAFNY-SVDVX
 
Tool Versions:
Toolchain:       MDK-ARM Plus  Version: 5.32.0.0
Toolchain Path:  D:\keil\ARM\ARMCC\Bin
C Compiler:      Armcc.exe V5.06 update 7 (build 960)
Assembler:       Armasm.exe V5.06 update 7 (build 960)
Linker/Locator:  ArmLink.exe V5.06 update 7 (build 960)
Library Manager: ArmAr.exe V5.06 update 7 (build 960)
Hex Converter:   FromElf.exe V5.06 update 7 (build 960)
CPU DLL:         SARMCM3.DLL V5.32.0.0
Dialog DLL:      DCM.DLL V1.17.3.0
Target DLL:      STLink\ST-LINKIII-KEIL_SWO.dll V3.0.8.0
Dialog DLL:      TCM.DLL V1.46.0.0
 
<h2>Project:</h2>
E:\Git repository\impedance git\USER\Template.uvproj
Project File Date:  11/08/2020

<h2>Output:</h2>
*** Using Compiler 'V5.06 update 7 (build 960)', folder: 'D:\keil\ARM\ARMCC\Bin'
Build target 'Template'
compiling main.c...
compiling I2C.c...
..\HARDWARE\I2C.c(328): warning:  #177-D: variable "Mode"  was declared but never referenced
  	u8 Mode=CValue[0]&0x0f;
..\HARDWARE\I2C.c(354): warning:  #177-D: variable "i"  was declared but never referenced
  	int i,j,AddrTemp;
..\HARDWARE\I2C.c: 2 warnings, 0 errors
linking...
Program Size: Code=13816 RO-data=872 RW-data=32 ZI-data=4256  
FromELF: creating hex file...
"..\OBJ\Template.axf" - 0 Error(s), 2 Warning(s).
Build Time Elapsed:  00:00:01
</pre>
</body>
</html>
